// Jest Snapshot v1, https://goo.gl/fbAQLP

exports[`GAlert should match snapshot with default style 1`] = `
<gbox-stub
  align="items-center"
  class="g-alert -error"
  flex="true"
>
  <gicon-stub
    fill="none"
    name="alert-circle"
    size="16px"
    stroke="currentColor"
    strokelinecap="round"
    strokelinejoin="round"
    strokewidth="2"
    tag="i"
  />
   
  <gbox-stub
    class="content"
  />
</gbox-stub>
`;
