// Jest Snapshot v1, https://goo.gl/fbAQLP

exports[`GTabs should match snapshot given props  1`] = `
<div
  class="g-tabs"
>
  <div
    class="tab active all"
  >
    <div
      class="tab-title"
    >
      <div
        class="tab-name g-d-flex g-d-align-center g-d-justify-center g-text-main-grey-500 -subtitle-03 g-text"
      >
         
        <span
          class=""
        >
          
            TÜMÜ
          
        </span>
         
        <!---->
         
        <!---->
      </div>
    </div>
     
    <!---->
     
    <div
      class="seperator"
    />
  </div>
  <div
    class="tab announcement"
  >
    <div
      class="tab-title"
    >
      <div
        class="tab-name g-d-flex g-d-align-center g-d-justify-center g-text-main-grey-500 -subtitle-03 g-text"
      >
         
        <span
          class=""
        >
          
            DUYURU
          
        </span>
         
        <!---->
         
        <!---->
      </div>
    </div>
     
    <!---->
     
    <div
      class="seperator"
    />
  </div>
</div>
`;
