// Jest Snapshot v1, https://goo.gl/fbAQLP

exports[`GBadge should match snapshot with default style 1`] = `
<div
  class="g-badge"
>
  <div
    class="badge g-border-mid-grey-100 g-bg-orange-100"
  >
    <gtext-stub
      color="white"
      variant="caption"
    >
      
      0
    
    </gtext-stub>
  </div>
   
  <div
    class="content"
  />
</div>
`;
