// Jest Snapshot v1, https://goo.gl/fbAQLP

exports[`GBreadcrumb should match with snapshot when default props 1`] = `
<gbox-stub
  align="items-center"
  class="g-breadcrumb"
  flex="true"
>
  <gbox-stub
    align="items-center"
    class="item-wrapper"
    flex="true"
  >
    <a
      class="item"
      href="href 1"
    >
      <gtext-stub
        color="dark-grey-500"
        variant="menu-item"
      >
        
        text 1
      
      </gtext-stub>
    </a>
     
    <gtext-stub
      class="divider"
      color="dark-grey-500"
      variant="body"
    >
      &gt;
    </gtext-stub>
  </gbox-stub>
  <gbox-stub
    align="items-center"
    class="item-wrapper"
    flex="true"
  >
    <a
      class="disabled item"
      href="href 2"
    >
      <gtext-stub
        color="dark-grey-500"
        variant="menu-item"
      >
        
        text 2
      
      </gtext-stub>
    </a>
     
    <gtext-stub
      class="divider"
      color="dark-grey-500"
      variant="body"
    >
      &gt;
    </gtext-stub>
  </gbox-stub>
  <gbox-stub
    align="items-center"
    class="item-wrapper"
    flex="true"
  >
    <gtext-stub
      class="item"
      color="light-grey-500"
      variant="menu-item"
    >
      
      text 3
    
    </gtext-stub>
     
    <!---->
  </gbox-stub>
</gbox-stub>
`;
