// Jest Snapshot v1, https://goo.gl/fbAQLP

exports[`GNativeSelect should match snapshot when show is prop is given as false  1`] = `
<div
  class="g-native-select"
>
  <div>
    <div
      class="g-field-wrapper -borderline -top big"
    >
      <!---->
       
      <div
        class="content"
      >
        <select>
          <option
            value="Value1"
          >
            
        Text1
      
          </option>
          <option
            value="Value2"
          >
            
        Text2
      
          </option>
           
          <select />
        </select>
         
        <svg
          class="g-icon feather feather--chevron-down"
          dataName="chevron-down"
          dataTags=""
          dataType="chevron-down"
          fill="none"
          height="24px"
          stroke="var(--light-grey-500)"
          stroke-linecap="round"
          stroke-linejoin="round"
          stroke-width="2"
          viewBox="0 0 24 24"
          width="24px"
          xmlns="http://www.w3.org/2000/svg"
        >
          <polyline
            points="6 9 12 15 18 9"
          />
        </svg>
      </div>
       
      <!---->
    </div>
  </div>
</div>
`;
