// Jest Snapshot v1, https://goo.gl/fbAQLP

exports[`GPagination should match snapshot when show is prop is given as true  1`] = `
<nav
  class="g-pagination-nav"
>
  <div
    class="pagination"
  >
    <gbutton-stub
      class="page-item"
      icon="chevrons-left"
      iconcolor="main-grey-500"
      size="medium"
      variant="light"
    />
     
    <gbutton-stub
      class="page-item prev-item"
      icon="chevron-left"
      iconcolor="main-grey-500"
      size="medium"
      variant="light"
    />
     
    <gbuttongroup-stub
      variant="light"
    >
      <gbutton-stub
        class="page-item"
        iconcolor="white"
        size="medium"
        variant="light"
      >
        
        1
      
      </gbutton-stub>
      <gbutton-stub
        class="page-item"
        iconcolor="white"
        size="medium"
        variant="secondary"
      >
        
        2
      
      </gbutton-stub>
      <gbutton-stub
        class="page-item"
        iconcolor="white"
        size="medium"
        variant="light"
      >
        
        3
      
      </gbutton-stub>
      <gbutton-stub
        class="page-item"
        iconcolor="white"
        size="medium"
        variant="light"
      >
        
        4
      
      </gbutton-stub>
      <gbutton-stub
        class="page-item"
        iconcolor="white"
        size="medium"
        variant="light"
      >
        
        5
      
      </gbutton-stub>
    </gbuttongroup-stub>
     
    <gbutton-stub
      class="page-item next-item"
      icon="chevron-right"
      iconcolor="main-grey-500"
      size="medium"
      variant="light"
    />
     
    <gbutton-stub
      class="page-item"
      icon="chevrons-right"
      iconcolor="main-grey-500"
      size="medium"
      variant="light"
    />
  </div>
   
  <div
    class="change-size"
  >
    <gtext-stub
      color="main-grey-500"
      variant="body"
    >
      
      Her Sayfada
    
    </gtext-stub>
     
    <gnativeselect-stub
      class="g-ml-8"
      feedback=""
      isborderless="true"
      label=""
      options="[object Object],[object Object],[object Object]"
      textkey="text"
      type="text"
      value="[object Object]"
      valuekey="value"
    />
  </div>
</nav>
`;
