// Jest Snapshot v1, https://goo.gl/fbAQLP

exports[`GInput should match snapshot when show is prop is given as false  1`] = `
<div
  class="g-input"
>
   
  <div
    class="body"
  >
    <div
      class="g-field-wrapper -borderline big"
    >
      <!---->
       
      <div
        class="content"
      >
        <input
          type="text"
        />
         
        <!---->
      </div>
       
      <!---->
    </div>
  </div>
   
</div>
`;
