// Jest Snapshot v1, https://goo.gl/fbAQLP

exports[`GSelect should match snapshot when show is prop is given as false  1`] = `
<div
  class="g-select big"
>
  <div>
    <div
      class="g-field-wrapper -borderline big"
    >
      <!---->
       
      <div
        class="content"
      >
        <p
          class="valueText"
        />
         
        <div
          class="s-content g-d-none"
        >
          <!---->
           
          <div
            class="item g-d-flex g-d-align-start"
          >
            <!---->
             
            <span
              class="text"
            >
              Text1
            </span>
          </div>
          <div
            class="item g-d-flex g-d-align-start"
          >
            <!---->
             
            <span
              class="text"
            >
              Text2
            </span>
          </div>
        </div>
         
        <svg
          class="g-icon feather feather--chevron-down"
          dataName="chevron-down"
          dataTags=""
          dataType="chevron-down"
          fill="none"
          height="24px"
          stroke="var(--light-grey-500)"
          stroke-linecap="round"
          stroke-linejoin="round"
          stroke-width="2"
          viewBox="0 0 24 24"
          width="24px"
          xmlns="http://www.w3.org/2000/svg"
        >
          <polyline
            points="6 9 12 15 18 9"
          />
        </svg>
      </div>
       
      <!---->
    </div>
  </div>
</div>
`;
