// Jest Snapshot v1, https://goo.gl/fbAQLP

exports[`GIcon should match snapshot when show is prop is given as false  1`] = `
<svg
  class="g-icon feather feather--alert-circle"
  dataName="alert-circle"
  dataTags="warning,alert,danger"
  dataType="alert-circle"
  fill="none"
  height="24px"
  stroke="currentColor"
  stroke-linecap="round"
  stroke-linejoin="round"
  stroke-width="2"
  viewBox="0 0 24 24"
  width="24px"
  xmlns="http://www.w3.org/2000/svg"
>
  <circle
    cx="12"
    cy="12"
    r="10"
  />
  <line
    x1="12"
    x2="12"
    y1="8"
    y2="12"
  />
  <line
    x1="12"
    x2="12.01"
    y1="16"
    y2="16"
  />
</svg>
`;
