// Jest Snapshot v1, https://goo.gl/fbAQLP

exports[`GFieldWrapper should match snapshot when show is prop is given as false  1`] = `
<div>
  <div
    class="g-field-wrapper -borderline big"
  >
    <!---->
     
    <div
      class="content"
    >
       
      <!---->
    </div>
     
    <!---->
  </div>
</div>
`;
