// Jest Snapshot v1, https://goo.gl/fbAQLP

exports[`GFieldWrapper should match snapshot when show is prop is given as false  1`] = `
<div>
  <div
    class="g-field-wrapper -borderline big"
  >
    <!---->
     
    <div
      class="content"
    >
       
      <!---->
    </div>
     
    <!---->
  </div>
</div>
`;

exports[`GFieldWrapper should render bottom-wrapper area if bottom_right slot is given 1`] = `
<div class="bottom-wrapper g-d-justify-end">
  <!---->
  <div class="bottom-right-wrapper">bottom_right</div>
</div>
`;

exports[`GFieldWrapper should render bottom-wrapper area if feedback is given 1`] = `
<div class="bottom-wrapper g-d-justify-space-between"><span class="sub-label">feedback</span>
  <div class="bottom-right-wrapper"></div>
</div>
`;
