// Jest Snapshot v1, https://goo.gl/fbAQLP

exports[`GRichText should have correct default options 1`] = `
<div
  class="g-rich-text"
>
  <quill-editor-stub
    globaloptions="[object Object]"
    options="[object Object]"
    value=""
  />
   
  <div
    class="feedback"
  >
    
    
  
  </div>
</div>
`;
