// Jest Snapshot v1, https://goo.gl/fbAQLP

exports[`GMiniPagination should match snapshot on initial 1`] = `
<gbox-stub
  align="items-center"
  class="g-mini-pageable-wrapper"
  flex="true"
>
  <gicon-stub
    class="cursor-pointer navigator prev"
    fill="none"
    name="chevron-left"
    size="24px"
    stroke="currentColor"
    strokelinecap="round"
    strokelinejoin="round"
    strokewidth="2"
    tag="i"
  />
   
  <gtext-stub
    class="current-page"
    color="orange-500"
    variant="subtitle-03"
  >
    
    1
  
  </gtext-stub>
   
  <gtext-stub
    class="separator"
    color="main-grey-500"
    variant="subtitle-03"
  >
    
    /
  
  </gtext-stub>
   
  <gtext-stub
    class="total-pages"
    color="main-grey-500"
    variant="subtitle-03"
  >
    
    3
  
  </gtext-stub>
   
  <gicon-stub
    class="cursor-pointer navigator next"
    fill="none"
    name="chevron-right"
    size="24px"
    stroke="currentColor"
    strokelinecap="round"
    strokelinejoin="round"
    strokewidth="2"
    tag="i"
  />
</gbox-stub>
`;
